[debug] [2026-08-10T15:46:10.364Z] ----------------------------------------------------------------------
[debug] [2026-08-10T15:46:10.368Z] Command:       /usr/local/bin/node /Users/josuebizazu/.local/bin/firebase emulators:exec --only firestore --project demo-lia-store true
[debug] [2026-08-10T15:46:10.369Z] CLI Version:   15.25.1
[debug] [2026-08-10T15:46:10.370Z] Platform:      darwin
[debug] [2026-08-10T15:46:10.370Z] Node Version:  v24.15.0
[debug] [2026-08-10T15:46:10.371Z] Detected Agent: codex_cli
[debug] [2026-08-10T15:46:10.371Z] Time:          Mon Aug 10 2026 10:46:10 GMT-0500 (Central Daylight Time)
[debug] [2026-08-10T15:46:10.371Z] ----------------------------------------------------------------------
[debug] 
[debug] [2026-08-10T15:46:10.403Z] >>> [apiv2][query] GET https://firebase-public.firebaseio.com/cli.json [none]
[debug] [2026-08-10T15:46:12.269Z] *** [apiv2] error from fetch(https://firebase-public.firebaseio.com/cli.json, {"headers":{},"method":"GET"}): Error: getaddrinfo ENOTFOUND firebase-public.firebaseio.com
[warn] ⚠  Unable to fetch the CLI MOTD and remote config. This is not a fatal error, but may indicate an issue with your network connection. 
[debug] [2026-08-10T15:46:12.270Z] Failed to fetch MOTD FirebaseError: Failed to make request to https://firebase-public.firebaseio.com/cli.json
[debug] [2026-08-10T15:46:12.303Z] The operation couldn’t be completed. Unable to locate a Java Runtime.
Please visit http://www.java.com for information on installing Java.


[debug] [2026-08-10T15:46:12.315Z] Could not find VSCode notification endpoint: TypeError: fetch failed. If you are not running the Firebase SQL Connect VSCode extension, this is expected and not an issue.
[info] i  emulators: Shutting down emulators. {"metadata":{"emulator":{"name":"hub"},"message":"Shutting down emulators."}}
[debug] [2026-08-10T15:46:12.318Z] Could not find VSCode notification endpoint: TypeError: fetch failed. If you are not running the Firebase SQL Connect VSCode extension, this is expected and not an issue.
[error] 
[error] Error: Process `java -version` has exited with code 1. Please make sure Java is installed and on your system PATH.
-----Original stdout-----
-----Original stderr-----
The operation couldn’t be completed. Unable to locate a Java Runtime.
Please visit http://www.java.com for information on installing Java.


